14:10:01 [utilities.binance_loader] INFO: [Cache hit] SOL/USDC perp trades 2026-03-04
14:10:01 [utilities.binance_loader] INFO: [Fetching] SOL/USDC perp aggTrades 2026-03-05...
14:12:23 [utilities.binance_loader] INFO:   Fetched 139025 perp aggTrades for 2026-03-05
14:12:23 [utilities.binance_loader] INFO: [Fetching] SOL/USDC perp aggTrades 2026-03-06...
14:14:16 [utilities.binance_loader] INFO:   Fetched 112990 perp aggTrades for 2026-03-06
14:14:17 [utilities.binance_loader] INFO: [Fetching] SOL/USDC perp aggTrades 2026-03-07...
14:15:11 [utilities.binance_loader] INFO:   Fetched 53257 perp aggTrades for 2026-03-07
14:15:11 [utilities.binance_loader] INFO: [Fetching] SOL/USDC perp aggTrades 2026-03-08...
14:16:07 [utilities.binance_loader] INFO:   Fetched 55064 perp aggTrades for 2026-03-08
14:16:07 [utilities.binance_loader] INFO: [Fetching] SOL/USDC perp aggTrades 2026-03-09...
14:18:01 [utilities.binance_loader] INFO:   Fetched 113783 perp aggTrades for 2026-03-09
14:18:02 [utilities.binance_loader] INFO: [Fetching] SOL/USDC perp aggTrades 2026-03-10...
14:19:48 [utilities.binance_loader] INFO:   Fetched 105216 perp aggTrades for 2026-03-10
14:19:48 [utilities.binance_loader] INFO: [Fetching] SOL/USDC perp aggTrades 2026-03-11...
14:21:32 [utilities.binance_loader] INFO:   Fetched 103172 perp aggTrades for 2026-03-11
14:21:33 [utilities.binance_loader] INFO: [Fetching] SOL/USDC perp aggTrades 2026-03-12...
14:23:07 [utilities.binance_loader] INFO:   Fetched 93668 perp aggTrades for 2026-03-12
14:23:07 [utilities.binance_loader] INFO: [Fetching] SOL/USDC perp aggTrades 2026-03-13...
14:25:17 [utilities.binance_loader] INFO:   Fetched 129365 perp aggTrades for 2026-03-13
14:25:18 [utilities.binance_loader] INFO: [Fetching] SOL/USDC perp aggTrades 2026-03-14...
14:26:21 [utilities.binance_loader] INFO:   Fetched 62546 perp aggTrades for 2026-03-14
Fetching 11 days of SOL/USDC perpetual aggTrades...
Estimated time: ~22-33 minutes


Fetched 1,148,470 trades in 980s (16.3 min)
Period: 2026-03-03 16:00:00.145000+00:00 → 2026-03-14 15:59:56.642000+00:00
