Symbols: ['SOL/USDC', 'BTC/USDC', 'ETH/USDC']
Range: 2026-01-01 .. (exclusive) 2026-05-11

=== SOL/USDC ===
14:52:01 [utilities.binance_loader] INFO: [Fetching] SOL/USDC perp aggTrades 2026-01-01...
14:52:55 [utilities.binance_loader] INFO:   Fetched 53692 perp aggTrades for 2026-01-01
14:52:56 [utilities.binance_loader] INFO: [Fetching] SOL/USDC perp aggTrades 2026-01-02...
14:54:37 [utilities.binance_loader] INFO:   Fetched 100487 perp aggTrades for 2026-01-02
14:54:37 [utilities.binance_loader] INFO: [Fetching] SOL/USDC perp aggTrades 2026-01-03...
14:56:32 [utilities.binance_loader] INFO:   Fetched 114961 perp aggTrades for 2026-01-03
14:56:33 [utilities.binance_loader] INFO: [Fetching] SOL/USDC perp aggTrades 2026-01-04...
14:58:05 [utilities.binance_loader] INFO:   Fetched 91814 perp aggTrades for 2026-01-04
14:58:05 [utilities.binance_loader] INFO: [Fetching] SOL/USDC perp aggTrades 2026-01-05...
15:00:31 [utilities.binance_loader] INFO:   Fetched 143329 perp aggTrades for 2026-01-05
15:00:31 [utilities.binance_loader] INFO: [Fetching] SOL/USDC perp aggTrades 2026-01-06...
15:03:00 [utilities.binance_loader] INFO:   Fetched 148011 perp aggTrades for 2026-01-06
15:03:01 [utilities.binance_loader] INFO: [Fetching] SOL/USDC perp aggTrades 2026-01-07...
15:05:21 [utilities.binance_loader] INFO:   Fetched 139546 perp aggTrades for 2026-01-07
15:05:22 [utilities.binance_loader] INFO: [Fetching] SOL/USDC perp aggTrades 2026-01-08...
15:18:40 [utilities.binance_loader] WARNING: Error fetching perp aggTrades fromId=107505232: binanceusdm GET https://fapi.binance.com/fapi/v1/aggTrades?symbol=SOLUSDC&fromId=107505232&limit=1000
15:20:39 [utilities.binance_loader] INFO:   Fetched 121400 perp aggTrades for 2026-01-08
15:20:39 [utilities.binance_loader] INFO: [Fetching] SOL/USDC perp aggTrades 2026-01-09...
15:22:52 [utilities.binance_loader] INFO:   Fetched 132566 perp aggTrades for 2026-01-09
15:22:53 [utilities.binance_loader] INFO: [Fetching] SOL/USDC perp aggTrades 2026-01-10...
15:23:58 [utilities.binance_loader] INFO:   Fetched 64955 perp aggTrades for 2026-01-10
15:23:58 [utilities.binance_loader] INFO: [Fetching] SOL/USDC perp aggTrades 2026-01-11...
15:24:36 [utilities.binance_loader] INFO:   Fetched 37089 perp aggTrades for 2026-01-11
15:24:36 [utilities.binance_loader] INFO: [Fetching] SOL/USDC perp aggTrades 2026-01-12...
15:27:00 [utilities.binance_loader] INFO:   Fetched 143622 perp aggTrades for 2026-01-12
15:27:01 [utilities.binance_loader] INFO: [Fetching] SOL/USDC perp aggTrades 2026-01-13...
15:29:11 [utilities.binance_loader] INFO:   Fetched 129930 perp aggTrades for 2026-01-13
15:29:12 [utilities.binance_loader] INFO: [Fetching] SOL/USDC perp aggTrades 2026-01-14...
15:31:35 [utilities.binance_loader] INFO:   Fetched 142539 perp aggTrades for 2026-01-14
15:31:35 [utilities.binance_loader] INFO: [Fetching] SOL/USDC perp aggTrades 2026-01-15...
15:33:37 [utilities.binance_loader] INFO:   Fetched 121725 perp aggTrades for 2026-01-15
15:33:38 [utilities.binance_loader] INFO: [Fetching] SOL/USDC perp aggTrades 2026-01-16...
15:35:02 [utilities.binance_loader] INFO:   Fetched 83936 perp aggTrades for 2026-01-16
15:35:02 [utilities.binance_loader] INFO: [Fetching] SOL/USDC perp aggTrades 2026-01-17...
15:35:56 [utilities.binance_loader] INFO:   Fetched 53822 perp aggTrades for 2026-01-17
15:35:56 [utilities.binance_loader] INFO: [Fetching] SOL/USDC perp aggTrades 2026-01-18...
15:36:32 [utilities.binance_loader] INFO:   Fetched 35966 perp aggTrades for 2026-01-18
15:36:32 [utilities.binance_loader] INFO: [Fetching] SOL/USDC perp aggTrades 2026-01-19...
15:38:32 [utilities.binance_loader] INFO:   Fetched 118622 perp aggTrades for 2026-01-19
15:38:32 [utilities.binance_loader] INFO: [Fetching] SOL/USDC perp aggTrades 2026-01-20...
15:40:32 [utilities.binance_loader] INFO:   Fetched 119462 perp aggTrades for 2026-01-20
15:40:33 [utilities.binance_loader] INFO: [Fetching] SOL/USDC perp aggTrades 2026-01-21...
15:42:55 [utilities.binance_loader] INFO:   Fetched 141599 perp aggTrades for 2026-01-21
15:42:55 [utilities.binance_loader] INFO: [Fetching] SOL/USDC perp aggTrades 2026-01-22...
15:45:09 [utilities.binance_loader] INFO:   Fetched 132532 perp aggTrades for 2026-01-22
15:45:09 [utilities.binance_loader] INFO: [Fetching] SOL/USDC perp aggTrades 2026-01-23...
15:46:33 [utilities.binance_loader] INFO:   Fetched 83281 perp aggTrades for 2026-01-23
15:46:34 [utilities.binance_loader] INFO: [Fetching] SOL/USDC perp aggTrades 2026-01-24...
15:47:41 [utilities.binance_loader] INFO:   Fetched 67340 perp aggTrades for 2026-01-24
15:47:42 [utilities.binance_loader] INFO: [Fetching] SOL/USDC perp aggTrades 2026-01-25...
15:48:16 [utilities.binance_loader] INFO:   Fetched 33574 perp aggTrades for 2026-01-25
15:48:16 [utilities.binance_loader] INFO: [Fetching] SOL/USDC perp aggTrades 2026-01-26...
15:50:54 [utilities.binance_loader] INFO:   Fetched 157928 perp aggTrades for 2026-01-26
15:50:55 [utilities.binance_loader] INFO: [Fetching] SOL/USDC perp aggTrades 2026-01-27...
15:52:07 [utilities.binance_loader] INFO:   Fetched 71036 perp aggTrades for 2026-01-27
15:52:07 [utilities.binance_loader] INFO: [Fetching] SOL/USDC perp aggTrades 2026-01-28...
15:53:42 [utilities.binance_loader] INFO:   Fetched 94408 perp aggTrades for 2026-01-28
15:53:42 [utilities.binance_loader] INFO: [Fetching] SOL/USDC perp aggTrades 2026-01-29...
15:55:31 [utilities.binance_loader] INFO:   Fetched 108418 perp aggTrades for 2026-01-29
15:55:32 [utilities.binance_loader] INFO: [Fetching] SOL/USDC perp aggTrades 2026-01-30...
15:58:13 [utilities.binance_loader] INFO:   Fetched 160019 perp aggTrades for 2026-01-30
15:58:14 [utilities.binance_loader] INFO: [Fetching] SOL/USDC perp aggTrades 2026-01-31...
16:00:51 [utilities.binance_loader] INFO:   Fetched 156901 perp aggTrades for 2026-01-31
16:00:54 [utilities.binance_loader] INFO: [Fetching] SOL/USDC perp aggTrades 2026-02-01...
16:05:04 [utilities.binance_loader] INFO:   Fetched 249005 perp aggTrades for 2026-02-01
16:05:06 [utilities.binance_loader] INFO: [Fetching] SOL/USDC perp aggTrades 2026-02-02...
16:10:09 [utilities.binance_loader] INFO:   Fetched 301809 perp aggTrades for 2026-02-02
16:10:10 [utilities.binance_loader] INFO: [Cache hit] SOL/USDC perp trades 2026-02-03
16:10:10 [utilities.binance_loader] INFO: [Cache hit] SOL/USDC perp trades 2026-02-04
16:10:10 [utilities.binance_loader] INFO: [Cache hit] SOL/USDC perp trades 2026-02-05
16:10:10 [utilities.binance_loader] INFO: [Cache hit] SOL/USDC perp trades 2026-02-06
16:10:11 [utilities.binance_loader] INFO: [Cache hit] SOL/USDC perp trades 2026-02-07
16:10:11 [utilities.binance_loader] INFO: [Cache hit] SOL/USDC perp trades 2026-02-08
16:10:11 [utilities.binance_loader] INFO: [Cache hit] SOL/USDC perp trades 2026-02-09
16:10:11 [utilities.binance_loader] INFO: [Cache hit] SOL/USDC perp trades 2026-02-10
16:10:11 [utilities.binance_loader] INFO: [Cache hit] SOL/USDC perp trades 2026-02-11
16:10:11 [utilities.binance_loader] INFO: [Cache hit] SOL/USDC perp trades 2026-02-12
16:10:11 [utilities.binance_loader] INFO: [Cache hit] SOL/USDC perp trades 2026-02-13
16:10:11 [utilities.binance_loader] INFO: [Cache hit] SOL/USDC perp trades 2026-02-14
16:10:11 [utilities.binance_loader] INFO: [Cache hit] SOL/USDC perp trades 2026-02-15
16:10:11 [utilities.binance_loader] INFO: [Cache hit] SOL/USDC perp trades 2026-02-16
16:10:11 [utilities.binance_loader] INFO: [Cache hit] SOL/USDC perp trades 2026-02-17
16:10:11 [utilities.binance_loader] INFO: [Cache hit] SOL/USDC perp trades 2026-02-18
16:10:11 [utilities.binance_loader] INFO: [Cache hit] SOL/USDC perp trades 2026-02-19
16:10:11 [utilities.binance_loader] INFO: [Cache hit] SOL/USDC perp trades 2026-02-20
16:10:11 [utilities.binance_loader] INFO: [Cache hit] SOL/USDC perp trades 2026-02-21
16:10:11 [utilities.binance_loader] INFO: [Cache hit] SOL/USDC perp trades 2026-02-22
16:10:11 [utilities.binance_loader] INFO: [Cache hit] SOL/USDC perp trades 2026-02-23
16:10:11 [utilities.binance_loader] INFO: [Cache hit] SOL/USDC perp trades 2026-02-24
16:10:11 [utilities.binance_loader] INFO: [Cache hit] SOL/USDC perp trades 2026-02-25
16:10:11 [utilities.binance_loader] INFO: [Cache hit] SOL/USDC perp trades 2026-02-26
16:10:11 [utilities.binance_loader] INFO: [Cache hit] SOL/USDC perp trades 2026-02-27
16:10:11 [utilities.binance_loader] INFO: [Cache hit] SOL/USDC perp trades 2026-02-28
16:10:11 [utilities.binance_loader] INFO: [Cache hit] SOL/USDC perp trades 2026-03-01
16:10:11 [utilities.binance_loader] INFO: [Cache hit] SOL/USDC perp trades 2026-03-02
16:10:11 [utilities.binance_loader] INFO: [Cache hit] SOL/USDC perp trades 2026-03-03
16:10:11 [utilities.binance_loader] INFO: [Cache hit] SOL/USDC perp trades 2026-03-04
16:10:11 [utilities.binance_loader] INFO: [Cache hit] SOL/USDC perp trades 2026-03-05
16:10:11 [utilities.binance_loader] INFO: [Cache hit] SOL/USDC perp trades 2026-03-06
16:10:11 [utilities.binance_loader] INFO: [Cache hit] SOL/USDC perp trades 2026-03-07
16:10:11 [utilities.binance_loader] INFO: [Cache hit] SOL/USDC perp trades 2026-03-08
16:10:11 [utilities.binance_loader] INFO: [Cache hit] SOL/USDC perp trades 2026-03-09
16:10:11 [utilities.binance_loader] INFO: [Cache hit] SOL/USDC perp trades 2026-03-10
16:10:11 [utilities.binance_loader] INFO: [Cache hit] SOL/USDC perp trades 2026-03-11
16:10:11 [utilities.binance_loader] INFO: [Cache hit] SOL/USDC perp trades 2026-03-12
16:10:11 [utilities.binance_loader] INFO: [Cache hit] SOL/USDC perp trades 2026-03-13
16:10:11 [utilities.binance_loader] INFO: [Cache hit] SOL/USDC perp trades 2026-03-14
16:10:11 [utilities.binance_loader] INFO: [Cache hit] SOL/USDC perp trades 2026-03-15
16:10:11 [utilities.binance_loader] INFO: [Cache hit] SOL/USDC perp trades 2026-03-16
16:10:11 [utilities.binance_loader] INFO: [Cache hit] SOL/USDC perp trades 2026-03-17
16:10:11 [utilities.binance_loader] INFO: [Cache hit] SOL/USDC perp trades 2026-03-18
16:10:11 [utilities.binance_loader] INFO: [Cache hit] SOL/USDC perp trades 2026-03-19
16:10:11 [utilities.binance_loader] INFO: [Cache hit] SOL/USDC perp trades 2026-03-20
16:10:11 [utilities.binance_loader] INFO: [Cache hit] SOL/USDC perp trades 2026-03-21
16:10:11 [utilities.binance_loader] INFO: [Cache hit] SOL/USDC perp trades 2026-03-22
16:10:11 [utilities.binance_loader] INFO: [Cache hit] SOL/USDC perp trades 2026-03-23
16:10:11 [utilities.binance_loader] INFO: [Cache hit] SOL/USDC perp trades 2026-03-24
16:10:11 [utilities.binance_loader] INFO: [Cache hit] SOL/USDC perp trades 2026-03-25
16:10:11 [utilities.binance_loader] INFO: [Cache hit] SOL/USDC perp trades 2026-03-26
16:10:11 [utilities.binance_loader] INFO: [Cache hit] SOL/USDC perp trades 2026-03-27
16:10:11 [utilities.binance_loader] INFO: [Cache hit] SOL/USDC perp trades 2026-03-28
16:10:11 [utilities.binance_loader] INFO: [Cache hit] SOL/USDC perp trades 2026-03-29
16:10:12 [utilities.binance_loader] INFO: [Cache hit] SOL/USDC perp trades 2026-03-30
16:10:12 [utilities.binance_loader] INFO: [Cache hit] SOL/USDC perp trades 2026-03-31
16:10:12 [utilities.binance_loader] INFO: [Cache hit] SOL/USDC perp trades 2026-04-01
16:10:12 [utilities.binance_loader] INFO: [Cache hit] SOL/USDC perp trades 2026-04-02
16:10:12 [utilities.binance_loader] INFO: [Cache hit] SOL/USDC perp trades 2026-04-03
16:10:12 [utilities.binance_loader] INFO: [Cache hit] SOL/USDC perp trades 2026-04-04
16:10:12 [utilities.binance_loader] INFO: [Cache hit] SOL/USDC perp trades 2026-04-05
16:10:12 [utilities.binance_loader] INFO: [Cache hit] SOL/USDC perp trades 2026-04-06
16:10:12 [utilities.binance_loader] INFO: [Cache hit] SOL/USDC perp trades 2026-04-07
16:10:12 [utilities.binance_loader] INFO: [Cache hit] SOL/USDC perp trades 2026-04-08
16:10:12 [utilities.binance_loader] INFO: [Cache hit] SOL/USDC perp trades 2026-04-09
16:10:12 [utilities.binance_loader] INFO: [Cache hit] SOL/USDC perp trades 2026-04-10
16:10:12 [utilities.binance_loader] INFO: [Cache hit] SOL/USDC perp trades 2026-04-11
16:10:12 [utilities.binance_loader] INFO: [Cache hit] SOL/USDC perp trades 2026-04-12
16:10:12 [utilities.binance_loader] INFO: [Cache hit] SOL/USDC perp trades 2026-04-13
16:10:12 [utilities.binance_loader] INFO: [Cache hit] SOL/USDC perp trades 2026-04-14
16:10:12 [utilities.binance_loader] INFO: [Cache hit] SOL/USDC perp trades 2026-04-15
16:10:12 [utilities.binance_loader] INFO: [Cache hit] SOL/USDC perp trades 2026-04-16
16:10:12 [utilities.binance_loader] INFO: [Cache hit] SOL/USDC perp trades 2026-04-17
16:10:12 [utilities.binance_loader] INFO: [Cache hit] SOL/USDC perp trades 2026-04-18
16:10:12 [utilities.binance_loader] INFO: [Cache hit] SOL/USDC perp trades 2026-04-19
16:10:12 [utilities.binance_loader] INFO: [Cache hit] SOL/USDC perp trades 2026-04-20
16:10:12 [utilities.binance_loader] INFO: [Cache hit] SOL/USDC perp trades 2026-04-21
16:10:12 [utilities.binance_loader] INFO: [Cache hit] SOL/USDC perp trades 2026-04-22
16:10:12 [utilities.binance_loader] INFO: [Cache hit] SOL/USDC perp trades 2026-04-23
16:10:12 [utilities.binance_loader] INFO: [Cache hit] SOL/USDC perp trades 2026-04-24
16:10:12 [utilities.binance_loader] INFO: [Cache hit] SOL/USDC perp trades 2026-04-25
16:10:12 [utilities.binance_loader] INFO: [Cache hit] SOL/USDC perp trades 2026-04-26
16:10:12 [utilities.binance_loader] INFO: [Cache hit] SOL/USDC perp trades 2026-04-27
16:10:12 [utilities.binance_loader] INFO: [Cache hit] SOL/USDC perp trades 2026-04-28
16:10:12 [utilities.binance_loader] INFO: [Cache hit] SOL/USDC perp trades 2026-04-29
16:10:12 [utilities.binance_loader] INFO: [Cache hit] SOL/USDC perp trades 2026-04-30
16:10:12 [utilities.binance_loader] INFO: [Cache hit] SOL/USDC perp trades 2026-05-01
16:10:12 [utilities.binance_loader] INFO: [Cache hit] SOL/USDC perp trades 2026-05-02
16:10:12 [utilities.binance_loader] INFO: [Cache hit] SOL/USDC perp trades 2026-05-03
16:10:12 [utilities.binance_loader] INFO: [Cache hit] SOL/USDC perp trades 2026-05-04
16:10:12 [utilities.binance_loader] INFO: [Cache hit] SOL/USDC perp trades 2026-05-05
16:10:12 [utilities.binance_loader] INFO: [Cache hit] SOL/USDC perp trades 2026-05-06
16:10:12 [utilities.binance_loader] INFO: [Cache hit] SOL/USDC perp trades 2026-05-07
16:10:12 [utilities.binance_loader] INFO: [Cache hit] SOL/USDC perp trades 2026-05-08
16:10:12 [utilities.binance_loader] INFO: [Cache hit] SOL/USDC perp trades 2026-05-09
16:10:12 [utilities.binance_loader] INFO: [Fetching] SOL/USDC perp aggTrades 2026-05-10...
16:10:35 [utilities.binance_loader] INFO:   Fetched 22911 perp aggTrades for 2026-05-10
  Rows: 12,826,727  elapsed 4721s (78.7 min)
  Period: 2025-12-31 16:00:01.577000+00:00 → 2026-05-10 08:10:33.940000+00:00

=== BTC/USDC ===
16:10:50 [utilities.binance_loader] INFO: [Fetching] BTC/USDC perp aggTrades 2026-01-01...
16:13:48 [utilities.binance_loader] INFO:   Fetched 177856 perp aggTrades for 2026-01-01
16:13:49 [utilities.binance_loader] INFO: [Fetching] BTC/USDC perp aggTrades 2026-01-02...
16:20:16 [utilities.binance_loader] INFO:   Fetched 385133 perp aggTrades for 2026-01-02
16:20:17 [utilities.binance_loader] INFO: [Fetching] BTC/USDC perp aggTrades 2026-01-03...
16:26:30 [utilities.binance_loader] INFO:   Fetched 371246 perp aggTrades for 2026-01-03
16:26:31 [utilities.binance_loader] INFO: [Fetching] BTC/USDC perp aggTrades 2026-01-04...
