Symbols: ['SOL/USDC', 'BTC/USDC', 'ETH/USDC']
Range: 2026-01-01 .. (exclusive) 2026-05-11

=== SOL/USDC ===
16:32:40 [utilities.binance_loader] INFO: [Cache hit] SOL/USDC perp trades 2026-01-01
16:32:40 [utilities.binance_loader] INFO: [Cache hit] SOL/USDC perp trades 2026-01-02
16:32:40 [utilities.binance_loader] INFO: [Cache hit] SOL/USDC perp trades 2026-01-03
16:32:40 [utilities.binance_loader] INFO: [Cache hit] SOL/USDC perp trades 2026-01-04
16:32:40 [utilities.binance_loader] INFO: [Cache hit] SOL/USDC perp trades 2026-01-05
16:32:40 [utilities.binance_loader] INFO: [Cache hit] SOL/USDC perp trades 2026-01-06
16:32:40 [utilities.binance_loader] INFO: [Cache hit] SOL/USDC perp trades 2026-01-07
16:32:40 [utilities.binance_loader] INFO: [Cache hit] SOL/USDC perp trades 2026-01-08
16:32:40 [utilities.binance_loader] INFO: [Cache hit] SOL/USDC perp trades 2026-01-09
16:32:40 [utilities.binance_loader] INFO: [Cache hit] SOL/USDC perp trades 2026-01-10
16:32:40 [utilities.binance_loader] INFO: [Cache hit] SOL/USDC perp trades 2026-01-11
16:32:40 [utilities.binance_loader] INFO: [Cache hit] SOL/USDC perp trades 2026-01-12
16:32:40 [utilities.binance_loader] INFO: [Cache hit] SOL/USDC perp trades 2026-01-13
16:32:40 [utilities.binance_loader] INFO: [Cache hit] SOL/USDC perp trades 2026-01-14
16:32:40 [utilities.binance_loader] INFO: [Cache hit] SOL/USDC perp trades 2026-01-15
16:32:40 [utilities.binance_loader] INFO: [Cache hit] SOL/USDC perp trades 2026-01-16
16:32:40 [utilities.binance_loader] INFO: [Cache hit] SOL/USDC perp trades 2026-01-17
16:32:40 [utilities.binance_loader] INFO: [Cache hit] SOL/USDC perp trades 2026-01-18
16:32:40 [utilities.binance_loader] INFO: [Cache hit] SOL/USDC perp trades 2026-01-19
16:32:40 [utilities.binance_loader] INFO: [Cache hit] SOL/USDC perp trades 2026-01-20
16:32:40 [utilities.binance_loader] INFO: [Cache hit] SOL/USDC perp trades 2026-01-21
16:32:40 [utilities.binance_loader] INFO: [Cache hit] SOL/USDC perp trades 2026-01-22
16:32:40 [utilities.binance_loader] INFO: [Cache hit] SOL/USDC perp trades 2026-01-23
16:32:40 [utilities.binance_loader] INFO: [Cache hit] SOL/USDC perp trades 2026-01-24
16:32:40 [utilities.binance_loader] INFO: [Cache hit] SOL/USDC perp trades 2026-01-25
16:32:40 [utilities.binance_loader] INFO: [Cache hit] SOL/USDC perp trades 2026-01-26
16:32:40 [utilities.binance_loader] INFO: [Cache hit] SOL/USDC perp trades 2026-01-27
16:32:40 [utilities.binance_loader] INFO: [Cache hit] SOL/USDC perp trades 2026-01-28
16:32:40 [utilities.binance_loader] INFO: [Cache hit] SOL/USDC perp trades 2026-01-29
16:32:40 [utilities.binance_loader] INFO: [Cache hit] SOL/USDC perp trades 2026-01-30
16:32:40 [utilities.binance_loader] INFO: [Cache hit] SOL/USDC perp trades 2026-01-31
16:32:40 [utilities.binance_loader] INFO: [Cache hit] SOL/USDC perp trades 2026-02-01
16:32:40 [utilities.binance_loader] INFO: [Cache hit] SOL/USDC perp trades 2026-02-02
16:32:40 [utilities.binance_loader] INFO: [Cache hit] SOL/USDC perp trades 2026-02-03
16:32:40 [utilities.binance_loader] INFO: [Cache hit] SOL/USDC perp trades 2026-02-04
16:32:40 [utilities.binance_loader] INFO: [Cache hit] SOL/USDC perp trades 2026-02-05
16:32:40 [utilities.binance_loader] INFO: [Cache hit] SOL/USDC perp trades 2026-02-06
16:32:41 [utilities.binance_loader] INFO: [Cache hit] SOL/USDC perp trades 2026-02-07
16:32:41 [utilities.binance_loader] INFO: [Cache hit] SOL/USDC perp trades 2026-02-08
16:32:41 [utilities.binance_loader] INFO: [Cache hit] SOL/USDC perp trades 2026-02-09
16:32:41 [utilities.binance_loader] INFO: [Cache hit] SOL/USDC perp trades 2026-02-10
16:32:41 [utilities.binance_loader] INFO: [Cache hit] SOL/USDC perp trades 2026-02-11
16:32:41 [utilities.binance_loader] INFO: [Cache hit] SOL/USDC perp trades 2026-02-12
16:32:41 [utilities.binance_loader] INFO: [Cache hit] SOL/USDC perp trades 2026-02-13
16:32:41 [utilities.binance_loader] INFO: [Cache hit] SOL/USDC perp trades 2026-02-14
16:32:41 [utilities.binance_loader] INFO: [Cache hit] SOL/USDC perp trades 2026-02-15
16:32:41 [utilities.binance_loader] INFO: [Cache hit] SOL/USDC perp trades 2026-02-16
16:32:41 [utilities.binance_loader] INFO: [Cache hit] SOL/USDC perp trades 2026-02-17
16:32:41 [utilities.binance_loader] INFO: [Cache hit] SOL/USDC perp trades 2026-02-18
16:32:41 [utilities.binance_loader] INFO: [Cache hit] SOL/USDC perp trades 2026-02-19
16:32:41 [utilities.binance_loader] INFO: [Cache hit] SOL/USDC perp trades 2026-02-20
16:32:41 [utilities.binance_loader] INFO: [Cache hit] SOL/USDC perp trades 2026-02-21
16:32:41 [utilities.binance_loader] INFO: [Cache hit] SOL/USDC perp trades 2026-02-22
16:32:41 [utilities.binance_loader] INFO: [Cache hit] SOL/USDC perp trades 2026-02-23
16:32:41 [utilities.binance_loader] INFO: [Cache hit] SOL/USDC perp trades 2026-02-24
16:32:41 [utilities.binance_loader] INFO: [Cache hit] SOL/USDC perp trades 2026-02-25
16:32:41 [utilities.binance_loader] INFO: [Cache hit] SOL/USDC perp trades 2026-02-26
16:32:41 [utilities.binance_loader] INFO: [Cache hit] SOL/USDC perp trades 2026-02-27
16:32:41 [utilities.binance_loader] INFO: [Cache hit] SOL/USDC perp trades 2026-02-28
16:32:41 [utilities.binance_loader] INFO: [Cache hit] SOL/USDC perp trades 2026-03-01
16:32:41 [utilities.binance_loader] INFO: [Cache hit] SOL/USDC perp trades 2026-03-02
16:32:41 [utilities.binance_loader] INFO: [Cache hit] SOL/USDC perp trades 2026-03-03
16:32:41 [utilities.binance_loader] INFO: [Cache hit] SOL/USDC perp trades 2026-03-04
16:32:41 [utilities.binance_loader] INFO: [Cache hit] SOL/USDC perp trades 2026-03-05
16:32:41 [utilities.binance_loader] INFO: [Cache hit] SOL/USDC perp trades 2026-03-06
16:32:41 [utilities.binance_loader] INFO: [Cache hit] SOL/USDC perp trades 2026-03-07
16:32:41 [utilities.binance_loader] INFO: [Cache hit] SOL/USDC perp trades 2026-03-08
16:32:41 [utilities.binance_loader] INFO: [Cache hit] SOL/USDC perp trades 2026-03-09
16:32:41 [utilities.binance_loader] INFO: [Cache hit] SOL/USDC perp trades 2026-03-10
16:32:41 [utilities.binance_loader] INFO: [Cache hit] SOL/USDC perp trades 2026-03-11
16:32:41 [utilities.binance_loader] INFO: [Cache hit] SOL/USDC perp trades 2026-03-12
16:32:41 [utilities.binance_loader] INFO: [Cache hit] SOL/USDC perp trades 2026-03-13
16:32:41 [utilities.binance_loader] INFO: [Cache hit] SOL/USDC perp trades 2026-03-14
16:32:41 [utilities.binance_loader] INFO: [Cache hit] SOL/USDC perp trades 2026-03-15
16:32:41 [utilities.binance_loader] INFO: [Cache hit] SOL/USDC perp trades 2026-03-16
16:32:41 [utilities.binance_loader] INFO: [Cache hit] SOL/USDC perp trades 2026-03-17
16:32:41 [utilities.binance_loader] INFO: [Cache hit] SOL/USDC perp trades 2026-03-18
16:32:41 [utilities.binance_loader] INFO: [Cache hit] SOL/USDC perp trades 2026-03-19
16:32:41 [utilities.binance_loader] INFO: [Cache hit] SOL/USDC perp trades 2026-03-20
16:32:41 [utilities.binance_loader] INFO: [Cache hit] SOL/USDC perp trades 2026-03-21
16:32:41 [utilities.binance_loader] INFO: [Cache hit] SOL/USDC perp trades 2026-03-22
16:32:41 [utilities.binance_loader] INFO: [Cache hit] SOL/USDC perp trades 2026-03-23
16:32:41 [utilities.binance_loader] INFO: [Cache hit] SOL/USDC perp trades 2026-03-24
16:32:41 [utilities.binance_loader] INFO: [Cache hit] SOL/USDC perp trades 2026-03-25
16:32:41 [utilities.binance_loader] INFO: [Cache hit] SOL/USDC perp trades 2026-03-26
16:32:41 [utilities.binance_loader] INFO: [Cache hit] SOL/USDC perp trades 2026-03-27
16:32:41 [utilities.binance_loader] INFO: [Cache hit] SOL/USDC perp trades 2026-03-28
16:32:41 [utilities.binance_loader] INFO: [Cache hit] SOL/USDC perp trades 2026-03-29
16:32:41 [utilities.binance_loader] INFO: [Cache hit] SOL/USDC perp trades 2026-03-30
16:32:41 [utilities.binance_loader] INFO: [Cache hit] SOL/USDC perp trades 2026-03-31
16:32:41 [utilities.binance_loader] INFO: [Cache hit] SOL/USDC perp trades 2026-04-01
16:32:41 [utilities.binance_loader] INFO: [Cache hit] SOL/USDC perp trades 2026-04-02
16:32:42 [utilities.binance_loader] INFO: [Cache hit] SOL/USDC perp trades 2026-04-03
16:32:42 [utilities.binance_loader] INFO: [Cache hit] SOL/USDC perp trades 2026-04-04
16:32:42 [utilities.binance_loader] INFO: [Cache hit] SOL/USDC perp trades 2026-04-05
16:32:42 [utilities.binance_loader] INFO: [Cache hit] SOL/USDC perp trades 2026-04-06
16:32:42 [utilities.binance_loader] INFO: [Cache hit] SOL/USDC perp trades 2026-04-07
16:32:42 [utilities.binance_loader] INFO: [Cache hit] SOL/USDC perp trades 2026-04-08
16:32:42 [utilities.binance_loader] INFO: [Cache hit] SOL/USDC perp trades 2026-04-09
16:32:42 [utilities.binance_loader] INFO: [Cache hit] SOL/USDC perp trades 2026-04-10
16:32:42 [utilities.binance_loader] INFO: [Cache hit] SOL/USDC perp trades 2026-04-11
16:32:42 [utilities.binance_loader] INFO: [Cache hit] SOL/USDC perp trades 2026-04-12
16:32:42 [utilities.binance_loader] INFO: [Cache hit] SOL/USDC perp trades 2026-04-13
16:32:42 [utilities.binance_loader] INFO: [Cache hit] SOL/USDC perp trades 2026-04-14
16:32:42 [utilities.binance_loader] INFO: [Cache hit] SOL/USDC perp trades 2026-04-15
16:32:42 [utilities.binance_loader] INFO: [Cache hit] SOL/USDC perp trades 2026-04-16
16:32:42 [utilities.binance_loader] INFO: [Cache hit] SOL/USDC perp trades 2026-04-17
16:32:42 [utilities.binance_loader] INFO: [Cache hit] SOL/USDC perp trades 2026-04-18
16:32:42 [utilities.binance_loader] INFO: [Cache hit] SOL/USDC perp trades 2026-04-19
16:32:42 [utilities.binance_loader] INFO: [Cache hit] SOL/USDC perp trades 2026-04-20
16:32:42 [utilities.binance_loader] INFO: [Cache hit] SOL/USDC perp trades 2026-04-21
16:32:42 [utilities.binance_loader] INFO: [Cache hit] SOL/USDC perp trades 2026-04-22
16:32:42 [utilities.binance_loader] INFO: [Cache hit] SOL/USDC perp trades 2026-04-23
16:32:42 [utilities.binance_loader] INFO: [Cache hit] SOL/USDC perp trades 2026-04-24
16:32:42 [utilities.binance_loader] INFO: [Cache hit] SOL/USDC perp trades 2026-04-25
16:32:42 [utilities.binance_loader] INFO: [Cache hit] SOL/USDC perp trades 2026-04-26
16:32:42 [utilities.binance_loader] INFO: [Cache hit] SOL/USDC perp trades 2026-04-27
16:32:42 [utilities.binance_loader] INFO: [Cache hit] SOL/USDC perp trades 2026-04-28
16:32:42 [utilities.binance_loader] INFO: [Cache hit] SOL/USDC perp trades 2026-04-29
16:32:42 [utilities.binance_loader] INFO: [Cache hit] SOL/USDC perp trades 2026-04-30
16:32:42 [utilities.binance_loader] INFO: [Cache hit] SOL/USDC perp trades 2026-05-01
16:32:42 [utilities.binance_loader] INFO: [Cache hit] SOL/USDC perp trades 2026-05-02
16:32:42 [utilities.binance_loader] INFO: [Cache hit] SOL/USDC perp trades 2026-05-03
16:32:42 [utilities.binance_loader] INFO: [Cache hit] SOL/USDC perp trades 2026-05-04
16:32:42 [utilities.binance_loader] INFO: [Cache hit] SOL/USDC perp trades 2026-05-05
16:32:42 [utilities.binance_loader] INFO: [Cache hit] SOL/USDC perp trades 2026-05-06
16:32:42 [utilities.binance_loader] INFO: [Cache hit] SOL/USDC perp trades 2026-05-07
16:32:42 [utilities.binance_loader] INFO: [Cache hit] SOL/USDC perp trades 2026-05-08
16:32:42 [utilities.binance_loader] INFO: [Cache hit] SOL/USDC perp trades 2026-05-09
16:32:42 [utilities.binance_loader] INFO: [Cache hit] SOL/USDC perp trades 2026-05-10
  Rows: 12,826,727  elapsed 8s (0.1 min)
  Period: 2025-12-31 16:00:01.577000+00:00 → 2026-05-10 08:10:33.940000+00:00

=== BTC/USDC ===
16:32:55 [utilities.binance_loader] INFO: [Cache hit] BTC/USDC perp trades 2026-01-01
16:32:55 [utilities.binance_loader] INFO: [Cache hit] BTC/USDC perp trades 2026-01-02
16:32:55 [utilities.binance_loader] INFO: [Cache hit] BTC/USDC perp trades 2026-01-03
16:32:55 [utilities.binance_loader] INFO: [Fetching] BTC/USDC perp aggTrades 2026-01-04...
16:37:09 [utilities.binance_loader] INFO:   Fetched 251228 perp aggTrades for 2026-01-04
16:37:09 [utilities.binance_loader] INFO: [Fetching] BTC/USDC perp aggTrades 2026-01-05...
16:54:26 [utilities.binance_loader] WARNING: Error fetching perp aggTrades fromId=182697559: binanceusdm GET https://fapi.binance.com/fapi/v1/aggTrades?symbol=BTCUSDC&fromId=182697559&limit=1000
16:59:56 [utilities.binance_loader] INFO:   Fetched 441127 perp aggTrades for 2026-01-05
16:59:57 [utilities.binance_loader] INFO: [Fetching] BTC/USDC perp aggTrades 2026-01-06...
17:07:41 [utilities.binance_loader] INFO:   Fetched 456790 perp aggTrades for 2026-01-06
17:07:42 [utilities.binance_loader] INFO: [Fetching] BTC/USDC perp aggTrades 2026-01-07...
17:18:06 [utilities.binance_loader] INFO:   Fetched 617206 perp aggTrades for 2026-01-07
17:18:07 [utilities.binance_loader] INFO: [Fetching] BTC/USDC perp aggTrades 2026-01-08...
17:26:00 [utilities.binance_loader] INFO:   Fetched 468816 perp aggTrades for 2026-01-08
17:26:01 [utilities.binance_loader] INFO: [Fetching] BTC/USDC perp aggTrades 2026-01-09...
17:33:00 [utilities.binance_loader] INFO:   Fetched 415892 perp aggTrades for 2026-01-09
17:33:00 [utilities.binance_loader] INFO: [Fetching] BTC/USDC perp aggTrades 2026-01-10...
17:36:22 [utilities.binance_loader] INFO:   Fetched 200086 perp aggTrades for 2026-01-10
17:36:23 [utilities.binance_loader] INFO: [Fetching] BTC/USDC perp aggTrades 2026-01-11...
17:37:56 [utilities.binance_loader] INFO:   Fetched 92159 perp aggTrades for 2026-01-11
17:37:57 [utilities.binance_loader] INFO: [Fetching] BTC/USDC perp aggTrades 2026-01-12...
17:44:14 [utilities.binance_loader] INFO:   Fetched 373775 perp aggTrades for 2026-01-12
17:44:15 [utilities.binance_loader] INFO: [Fetching] BTC/USDC perp aggTrades 2026-01-13...
17:50:42 [utilities.binance_loader] INFO:   Fetched 381301 perp aggTrades for 2026-01-13
17:50:42 [utilities.binance_loader] INFO: [Fetching] BTC/USDC perp aggTrades 2026-01-14...
17:59:26 [utilities.binance_loader] INFO:   Fetched 518648 perp aggTrades for 2026-01-14
17:59:27 [utilities.binance_loader] INFO: [Fetching] BTC/USDC perp aggTrades 2026-01-15...
18:08:22 [utilities.binance_loader] INFO:   Fetched 528104 perp aggTrades for 2026-01-15
18:08:23 [utilities.binance_loader] INFO: [Fetching] BTC/USDC perp aggTrades 2026-01-16...
18:14:03 [utilities.binance_loader] INFO:   Fetched 337620 perp aggTrades for 2026-01-16
18:14:04 [utilities.binance_loader] INFO: [Fetching] BTC/USDC perp aggTrades 2026-01-17...
18:16:53 [utilities.binance_loader] INFO:   Fetched 167624 perp aggTrades for 2026-01-17
18:16:53 [utilities.binance_loader] INFO: [Fetching] BTC/USDC perp aggTrades 2026-01-18...
18:18:43 [utilities.binance_loader] INFO:   Fetched 108774 perp aggTrades for 2026-01-18
18:18:43 [utilities.binance_loader] INFO: [Fetching] BTC/USDC perp aggTrades 2026-01-19...
18:23:58 [utilities.binance_loader] INFO:   Fetched 311929 perp aggTrades for 2026-01-19
18:23:59 [utilities.binance_loader] INFO: [Fetching] BTC/USDC perp aggTrades 2026-01-20...
18:30:09 [utilities.binance_loader] INFO:   Fetched 366886 perp aggTrades for 2026-01-20
18:30:10 [utilities.binance_loader] INFO: [Fetching] BTC/USDC perp aggTrades 2026-01-21...
18:38:10 [utilities.binance_loader] INFO:   Fetched 476718 perp aggTrades for 2026-01-21
18:38:11 [utilities.binance_loader] INFO: [Fetching] BTC/USDC perp aggTrades 2026-01-22...
18:46:14 [utilities.binance_loader] INFO:   Fetched 478303 perp aggTrades for 2026-01-22
18:46:15 [utilities.binance_loader] INFO: [Fetching] BTC/USDC perp aggTrades 2026-01-23...
18:51:40 [utilities.binance_loader] INFO:   Fetched 322201 perp aggTrades for 2026-01-23
18:51:41 [utilities.binance_loader] INFO: [Fetching] BTC/USDC perp aggTrades 2026-01-24...
18:55:19 [utilities.binance_loader] INFO:   Fetched 216172 perp aggTrades for 2026-01-24
18:55:20 [utilities.binance_loader] INFO: [Fetching] BTC/USDC perp aggTrades 2026-01-25...
18:57:20 [utilities.binance_loader] INFO:   Fetched 119871 perp aggTrades for 2026-01-25
18:57:21 [utilities.binance_loader] INFO: [Fetching] BTC/USDC perp aggTrades 2026-01-26...
19:05:26 [utilities.binance_loader] INFO:   Fetched 480050 perp aggTrades for 2026-01-26
19:05:27 [utilities.binance_loader] INFO: [Fetching] BTC/USDC perp aggTrades 2026-01-27...
19:10:17 [utilities.binance_loader] INFO:   Fetched 287962 perp aggTrades for 2026-01-27
19:10:18 [utilities.binance_loader] INFO: [Fetching] BTC/USDC perp aggTrades 2026-01-28...
19:16:52 [utilities.binance_loader] INFO:   Fetched 390266 perp aggTrades for 2026-01-28
19:16:53 [utilities.binance_loader] INFO: [Fetching] BTC/USDC perp aggTrades 2026-01-29...
19:25:27 [utilities.binance_loader] INFO:   Fetched 509787 perp aggTrades for 2026-01-29
19:25:28 [utilities.binance_loader] INFO: [Fetching] BTC/USDC perp aggTrades 2026-01-30...
19:37:41 [utilities.binance_loader] INFO:   Fetched 726737 perp aggTrades for 2026-01-30
19:37:43 [utilities.binance_loader] INFO: [Fetching] BTC/USDC perp aggTrades 2026-01-31...
19:46:47 [utilities.binance_loader] INFO:   Fetched 539264 perp aggTrades for 2026-01-31
19:46:48 [utilities.binance_loader] INFO: [Fetching] BTC/USDC perp aggTrades 2026-02-01...
20:00:08 [utilities.binance_loader] INFO:   Fetched 791898 perp aggTrades for 2026-02-01
20:00:11 [utilities.binance_loader] INFO: [Fetching] BTC/USDC perp aggTrades 2026-02-02...
20:18:24 [utilities.binance_loader] INFO:   Fetched 1087089 perp aggTrades for 2026-02-02
20:18:29 [utilities.binance_loader] INFO: [Fetching] BTC/USDC perp aggTrades 2026-02-03...
20:28:31 [utilities.binance_loader] INFO:   Fetched 600386 perp aggTrades for 2026-02-03
20:28:33 [utilities.binance_loader] INFO: [Fetching] BTC/USDC perp aggTrades 2026-02-04...
20:44:32 [utilities.binance_loader] INFO:   Fetched 874394 perp aggTrades for 2026-02-04
20:44:35 [utilities.binance_loader] INFO: [Fetching] BTC/USDC perp aggTrades 2026-02-05...
21:06:52 [utilities.binance_loader] INFO:   Fetched 1326959 perp aggTrades for 2026-02-05
21:06:58 [utilities.binance_loader] INFO: [Fetching] BTC/USDC perp aggTrades 2026-02-06...
21:43:02 [utilities.binance_loader] WARNING: Error fetching perp aggTrades fromId=199091353: binanceusdm GET https://fapi.binance.com/fapi/v1/aggTrades?symbol=BTCUSDC&fromId=199091353&limit=1000
21:48:37 [utilities.binance_loader] INFO:   Fetched 1825054 perp aggTrades for 2026-02-06
21:48:44 [utilities.binance_loader] INFO: [Fetching] BTC/USDC perp aggTrades 2026-02-07...
21:59:48 [utilities.binance_loader] WARNING: Error fetching perp aggTrades fromId=199861407: binanceusdm GET https://fapi.binance.com/fapi/v1/aggTrades?symbol=BTCUSDC&fromId=199861407&limit=1000
22:08:33 [utilities.binance_loader] INFO:   Fetched 961794 perp aggTrades for 2026-02-07
22:08:36 [utilities.binance_loader] INFO: [Fetching] BTC/USDC perp aggTrades 2026-02-08...
